<html>
<body>
<pre>
<h1>礦ision Build Log</h1>
<h2>Tool Versions:</h2>
IDE-Version: μVision V5.42.0.0
Copyright (C) 2025 ARM Ltd and ARM Germany GmbH. All rights reserved.
License Information: 1836228787@qq.com 1836228787@qq.com, 1836228787@qq.com, LIC=QF82M-X8WAI-8TH3P-MQZMD-T65JK-DQQB8
 
Tool Versions:
Toolchain:       MDK-ARM Plus  Version: 5.42.0.0
Toolchain Path:  C:\Users\18362\AppData\Local\Keil_v5\ARM\ARM_Compiler_5.06u7\Bin
C Compiler:      Armcc.exe V5.06 update 7 (build 960)
Assembler:       Armasm.exe V5.06 update 7 (build 960)
Linker/Locator:  ArmLink.exe V5.06 update 7 (build 960)
Library Manager: ArmAr.exe V5.06 update 7 (build 960)
Hex Converter:   FromElf.exe V5.06 update 7 (build 960)
CPU DLL:         SARMCM3.DLL V5.42.0.0
Dialog DLL:      DCM.DLL V1.17.5.0
Target DLL:      STLink\ST-LINKIII-KEIL_SWO.dll V3.3.0.0
Dialog DLL:      TCM.DLL V1.56.6.0
 
<h2>Project:</h2>
D:\《STM32F1开发标准教程》资料包 - 20210628\资料包\04.例程资料\Product.V2.0\02.串口电子钟实验\Project\STM32KeilPrj.uvprojx
Project File Date:  08/06/2025

<h2>Output:</h2>
*** Using Compiler 'V5.06 update 7 (build 960)', folder: 'C:\Users\18362\AppData\Local\Keil_v5\ARM\ARM_Compiler_5.06u7\Bin'
Rebuild target 'Target 1'
compiling Queue.c...
compiling UART1.c...
compiling RunClock.c...
compiling LED.c...
compiling Main.c...
compiling RCC.c...
compiling stm32f10x_rcc.c...
compiling stm32f10x_flash.c...
compiling misc.c...
compiling Timer.c...
compiling stm32f10x_gpio.c...
compiling stm32f10x_tim.c...
compiling stm32f10x_usart.c...
assembling startup_stm32f10x_hd.s...
compiling stm32f10x_it.c...
compiling system_stm32f10x.c...
compiling NVIC.c...
compiling SysTick.c...
compiling core_cm3.c...
linking...
Program Size: Code=5888 RO-data=376 RW-data=104 ZI-data=1248  
FromELF: creating hex file...
".\Objects\STM32KeilPrj.axf" - 0 Error(s), 0 Warning(s).

<h2>Software Packages used:</h2>

Package Vendor: Keil
                https://www.keil.com/pack/Keil.STM32F1xx_DFP.2.4.1.pack
                Keil::STM32F1xx_DFP@2.4.1
                STMicroelectronics STM32F1 Series Device Support, Drivers and Examples

<h2>Collection of Component include folders:</h2>
  C:/Users/18362/AppData/Local/Arm/Packs/Keil/STM32F1xx_DFP/2.4.1/Device/Include

<h2>Collection of Component Files used:</h2>
Build Time Elapsed:  00:00:05
</pre>
</body>
</html>
